I'm sorry, but errors were detected in your script. Please correct the
errors listed below, and try again.


File "game/script.rpy", line 188: expected ':' not found.
    label label go_coffee2:
                ^

Ren'Py Version: Ren'Py 8.0.3.22090809
Fri Mar 10 19:12:58 2023
